============================= test session starts =============================
platform win32 -- Python 3.13.9, pytest-9.0.2, pluggy-1.6.0
benchmark: 5.2.3 (defaults: timer=time.perf_counter disable_gc=False min_rounds=5 min_time=0.000005 max_time=1.0 calibration_precision=10 warmup=False warmup_iterations=100000)
rootdir: C:\Users\abdou\Desktop\PyShotter
configfile: pyproject.toml
plugins: anyio-4.12.1, benchmark-5.2.3, cov-7.0.0, mock-3.15.1
collected 0 items / 20 errors

=================================== ERRORS ====================================
__________ ERROR collecting src/tests/integration/test_workflows.py ___________
ImportError while importing test module 'C:\Users\abdou\Desktop\PyShotter\src\tests\integration\test_workflows.py'.
Hint: make sure your test modules/packages have valid Python names.
Traceback:
C:\Program Files\WindowsApps\PythonSoftwareFoundation.Python.3.13_3.13.2544.0_x64__qbz5n2kfra8p0\Lib\importlib\__init__.py:88: in import_module
    return _bootstrap._gcd_import(name[level:], package, level)
           ^^^^^^^^^^^^^^^^^^^^^^^^^^^^^^^^^^^^^^^^^^^^^^^^^^^^
src\tests\integration\test_workflows.py:7: in <module>
    from pyshotter import pyshotter
src\pyshotter\__init__.py:18: in <module>
    from .factory import pyshotter
src\pyshotter\factory.py:8: in <module>
    from pyshotter.base import MSSBase
src\pyshotter\base.py:12: in <module>
    from mss.exception import ScreenShotError
E   ModuleNotFoundError: No module named 'mss'
_______________ ERROR collecting src/tests/test_ai_features.py ________________
ImportError while importing test module 'C:\Users\abdou\Desktop\PyShotter\src\tests\test_ai_features.py'.
Hint: make sure your test modules/packages have valid Python names.
Traceback:
C:\Program Files\WindowsApps\PythonSoftwareFoundation.Python.3.13_3.13.2544.0_x64__qbz5n2kfra8p0\Lib\importlib\__init__.py:88: in import_module
    return _bootstrap._gcd_import(name[level:], package, level)
           ^^^^^^^^^^^^^^^^^^^^^^^^^^^^^^^^^^^^^^^^^^^^^^^^^^^^
src\tests\test_ai_features.py:6: in <module>
    from pyshotter.screenshot import ScreenShot
src\pyshotter\__init__.py:18: in <module>
    from .factory import pyshotter
src\pyshotter\factory.py:8: in <module>
    from pyshotter.base import MSSBase
src\pyshotter\base.py:12: in <module>
    from mss.exception import ScreenShotError
E   ModuleNotFoundError: No module named 'mss'
________________ ERROR collecting src/tests/test_beautifier.py ________________
ImportError while importing test module 'C:\Users\abdou\Desktop\PyShotter\src\tests\test_beautifier.py'.
Hint: make sure your test modules/packages have valid Python names.
Traceback:
C:\Program Files\WindowsApps\PythonSoftwareFoundation.Python.3.13_3.13.2544.0_x64__qbz5n2kfra8p0\Lib\importlib\__init__.py:88: in import_module
    return _bootstrap._gcd_import(name[level:], package, level)
           ^^^^^^^^^^^^^^^^^^^^^^^^^^^^^^^^^^^^^^^^^^^^^^^^^^^^
src\tests\test_beautifier.py:7: in <module>
    from pyshotter.screenshot import ScreenShot
src\pyshotter\__init__.py:18: in <module>
    from .factory import pyshotter
src\pyshotter\factory.py:8: in <module>
    from pyshotter.base import MSSBase
src\pyshotter\base.py:12: in <module>
    from mss.exception import ScreenShotError
E   ModuleNotFoundError: No module named 'mss'
_______________ ERROR collecting src/tests/test_bgra_to_rgb.py ________________
ImportError while importing test module 'C:\Users\abdou\Desktop\PyShotter\src\tests\test_bgra_to_rgb.py'.
Hint: make sure your test modules/packages have valid Python names.
Traceback:
C:\Program Files\WindowsApps\PythonSoftwareFoundation.Python.3.13_3.13.2544.0_x64__qbz5n2kfra8p0\Lib\importlib\__init__.py:88: in import_module
    return _bootstrap._gcd_import(name[level:], package, level)
           ^^^^^^^^^^^^^^^^^^^^^^^^^^^^^^^^^^^^^^^^^^^^^^^^^^^^
src\tests\test_bgra_to_rgb.py:7: in <module>
    from mss.base import ScreenShot
E   ModuleNotFoundError: No module named 'mss'
________________ ERROR collecting src/tests/test_cls_image.py _________________
ImportError while importing test module 'C:\Users\abdou\Desktop\PyShotter\src\tests\test_cls_image.py'.
Hint: make sure your test modules/packages have valid Python names.
Traceback:
C:\Program Files\WindowsApps\PythonSoftwareFoundation.Python.3.13_3.13.2544.0_x64__qbz5n2kfra8p0\Lib\importlib\__init__.py:88: in import_module
    return _bootstrap._gcd_import(name[level:], package, level)
           ^^^^^^^^^^^^^^^^^^^^^^^^^^^^^^^^^^^^^^^^^^^^^^^^^^^^
src\tests\test_cls_image.py:8: in <module>
    from mss import mss
E   ModuleNotFoundError: No module named 'mss'
__________________ ERROR collecting src/tests/test_config.py __________________
ImportError while importing test module 'C:\Users\abdou\Desktop\PyShotter\src\tests\test_config.py'.
Hint: make sure your test modules/packages have valid Python names.
Traceback:
C:\Program Files\WindowsApps\PythonSoftwareFoundation.Python.3.13_3.13.2544.0_x64__qbz5n2kfra8p0\Lib\importlib\__init__.py:88: in import_module
    return _bootstrap._gcd_import(name[level:], package, level)
           ^^^^^^^^^^^^^^^^^^^^^^^^^^^^^^^^^^^^^^^^^^^^^^^^^^^^
src\tests\test_config.py:8: in <module>
    from pyshotter.config import (
src\pyshotter\__init__.py:18: in <module>
    from .factory import pyshotter
src\pyshotter\factory.py:8: in <module>
    from pyshotter.base import MSSBase
src\pyshotter\base.py:12: in <module>
    from mss.exception import ScreenShotError
E   ModuleNotFoundError: No module named 'mss'
______________ ERROR collecting src/tests/test_find_monitors.py _______________
ImportError while importing test module 'C:\Users\abdou\Desktop\PyShotter\src\tests\test_find_monitors.py'.
Hint: make sure your test modules/packages have valid Python names.
Traceback:
C:\Program Files\WindowsApps\PythonSoftwareFoundation.Python.3.13_3.13.2544.0_x64__qbz5n2kfra8p0\Lib\importlib\__init__.py:88: in import_module
    return _bootstrap._gcd_import(name[level:], package, level)
           ^^^^^^^^^^^^^^^^^^^^^^^^^^^^^^^^^^^^^^^^^^^^^^^^^^^^
src\tests\test_find_monitors.py:7: in <module>
    from mss import mss
E   ModuleNotFoundError: No module named 'mss'
________________ ERROR collecting src/tests/test_get_pixels.py ________________
ImportError while importing test module 'C:\Users\abdou\Desktop\PyShotter\src\tests\test_get_pixels.py'.
Hint: make sure your test modules/packages have valid Python names.
Traceback:
C:\Program Files\WindowsApps\PythonSoftwareFoundation.Python.3.13_3.13.2544.0_x64__qbz5n2kfra8p0\Lib\importlib\__init__.py:88: in import_module
    return _bootstrap._gcd_import(name[level:], package, level)
           ^^^^^^^^^^^^^^^^^^^^^^^^^^^^^^^^^^^^^^^^^^^^^^^^^^^^
src\tests\test_get_pixels.py:10: in <module>
    from mss import mss
E   ModuleNotFoundError: No module named 'mss'
________________ ERROR collecting src/tests/test_gnu_linux.py _________________
ImportError while importing test module 'C:\Users\abdou\Desktop\PyShotter\src\tests\test_gnu_linux.py'.
Hint: make sure your test modules/packages have valid Python names.
Traceback:
C:\Program Files\WindowsApps\PythonSoftwareFoundation.Python.3.13_3.13.2544.0_x64__qbz5n2kfra8p0\Lib\importlib\__init__.py:88: in import_module
    return _bootstrap._gcd_import(name[level:], package, level)
           ^^^^^^^^^^^^^^^^^^^^^^^^^^^^^^^^^^^^^^^^^^^^^^^^^^^^
src\tests\test_gnu_linux.py:11: in <module>
    import mss
E   ModuleNotFoundError: No module named 'mss'
______________ ERROR collecting src/tests/test_implementation.py ______________
ImportError while importing test module 'C:\Users\abdou\Desktop\PyShotter\src\tests\test_implementation.py'.
Hint: make sure your test modules/packages have valid Python names.
Traceback:
C:\Program Files\WindowsApps\PythonSoftwareFoundation.Python.3.13_3.13.2544.0_x64__qbz5n2kfra8p0\Lib\importlib\__init__.py:88: in import_module
    return _bootstrap._gcd_import(name[level:], package, level)
           ^^^^^^^^^^^^^^^^^^^^^^^^^^^^^^^^^^^^^^^^^^^^^^^^^^^^
src\tests\test_implementation.py:18: in <module>
    import mss
E   ModuleNotFoundError: No module named 'mss'
________________ ERROR collecting src/tests/test_issue_220.py _________________
ImportError while importing test module 'C:\Users\abdou\Desktop\PyShotter\src\tests\test_issue_220.py'.
Hint: make sure your test modules/packages have valid Python names.
Traceback:
C:\Program Files\WindowsApps\PythonSoftwareFoundation.Python.3.13_3.13.2544.0_x64__qbz5n2kfra8p0\Lib\importlib\__init__.py:88: in import_module
    return _bootstrap._gcd_import(name[level:], package, level)
           ^^^^^^^^^^^^^^^^^^^^^^^^^^^^^^^^^^^^^^^^^^^^^^^^^^^^
src\tests\test_issue_220.py:7: in <module>
    import mss
E   ModuleNotFoundError: No module named 'mss'
__________________ ERROR collecting src/tests/test_leaks.py ___________________
ImportError while importing test module 'C:\Users\abdou\Desktop\PyShotter\src\tests\test_leaks.py'.
Hint: make sure your test modules/packages have valid Python names.
Traceback:
C:\Program Files\WindowsApps\PythonSoftwareFoundation.Python.3.13_3.13.2544.0_x64__qbz5n2kfra8p0\Lib\importlib\__init__.py:88: in import_module
    return _bootstrap._gcd_import(name[level:], package, level)
           ^^^^^^^^^^^^^^^^^^^^^^^^^^^^^^^^^^^^^^^^^^^^^^^^^^^^
src\tests\test_leaks.py:11: in <module>
    import mss
E   ModuleNotFoundError: No module named 'mss'
__________________ ERROR collecting src/tests/test_macos.py ___________________
ImportError while importing test module 'C:\Users\abdou\Desktop\PyShotter\src\tests\test_macos.py'.
Hint: make sure your test modules/packages have valid Python names.
Traceback:
C:\Program Files\WindowsApps\PythonSoftwareFoundation.Python.3.13_3.13.2544.0_x64__qbz5n2kfra8p0\Lib\importlib\__init__.py:88: in import_module
    return _bootstrap._gcd_import(name[level:], package, level)
           ^^^^^^^^^^^^^^^^^^^^^^^^^^^^^^^^^^^^^^^^^^^^^^^^^^^^
src\tests\test_macos.py:11: in <module>
    import mss
E   ModuleNotFoundError: No module named 'mss'
________________ ERROR collecting src/tests/test_recording.py _________________
ImportError while importing test module 'C:\Users\abdou\Desktop\PyShotter\src\tests\test_recording.py'.
Hint: make sure your test modules/packages have valid Python names.
Traceback:
C:\Program Files\WindowsApps\PythonSoftwareFoundation.Python.3.13_3.13.2544.0_x64__qbz5n2kfra8p0\Lib\importlib\__init__.py:88: in import_module
    return _bootstrap._gcd_import(name[level:], package, level)
           ^^^^^^^^^^^^^^^^^^^^^^^^^^^^^^^^^^^^^^^^^^^^^^^^^^^^
src\tests\test_recording.py:8: in <module>
    from pyshotter.recording import ScreenRecordingFeature
src\pyshotter\__init__.py:18: in <module>
    from .factory import pyshotter
src\pyshotter\factory.py:8: in <module>
    from pyshotter.base import MSSBase
src\pyshotter\base.py:12: in <module>
    from mss.exception import ScreenShotError
E   ModuleNotFoundError: No module named 'mss'
___________________ ERROR collecting src/tests/test_save.py ___________________
ImportError while importing test module 'C:\Users\abdou\Desktop\PyShotter\src\tests\test_save.py'.
Hint: make sure your test modules/packages have valid Python names.
Traceback:
C:\Program Files\WindowsApps\PythonSoftwareFoundation.Python.3.13_3.13.2544.0_x64__qbz5n2kfra8p0\Lib\importlib\__init__.py:88: in import_module
    return _bootstrap._gcd_import(name[level:], package, level)
           ^^^^^^^^^^^^^^^^^^^^^^^^^^^^^^^^^^^^^^^^^^^^^^^^^^^^
src\tests\test_save.py:11: in <module>
    from pyshotter import mss
src\pyshotter\__init__.py:18: in <module>
    from .factory import pyshotter
src\pyshotter\factory.py:8: in <module>
    from pyshotter.base import MSSBase
src\pyshotter\base.py:12: in <module>
    from mss.exception import ScreenShotError
E   ModuleNotFoundError: No module named 'mss'
__________________ ERROR collecting src/tests/test_setup.py ___________________
ImportError while importing test module 'C:\Users\abdou\Desktop\PyShotter\src\tests\test_setup.py'.
Hint: make sure your test modules/packages have valid Python names.
Traceback:
C:\Program Files\WindowsApps\PythonSoftwareFoundation.Python.3.13_3.13.2544.0_x64__qbz5n2kfra8p0\Lib\importlib\__init__.py:88: in import_module
    return _bootstrap._gcd_import(name[level:], package, level)
           ^^^^^^^^^^^^^^^^^^^^^^^^^^^^^^^^^^^^^^^^^^^^^^^^^^^^
src\tests\test_setup.py:12: in <module>
    from pyshotter import __version__
src\pyshotter\__init__.py:18: in <module>
    from .factory import pyshotter
src\pyshotter\factory.py:8: in <module>
    from pyshotter.base import MSSBase
src\pyshotter\base.py:12: in <module>
    from mss.exception import ScreenShotError
E   ModuleNotFoundError: No module named 'mss'
__________________ ERROR collecting src/tests/test_tools.py ___________________
ImportError while importing test module 'C:\Users\abdou\Desktop\PyShotter\src\tests\test_tools.py'.
Hint: make sure your test modules/packages have valid Python names.
Traceback:
C:\Program Files\WindowsApps\PythonSoftwareFoundation.Python.3.13_3.13.2544.0_x64__qbz5n2kfra8p0\Lib\importlib\__init__.py:88: in import_module
    return _bootstrap._gcd_import(name[level:], package, level)
           ^^^^^^^^^^^^^^^^^^^^^^^^^^^^^^^^^^^^^^^^^^^^^^^^^^^^
src\tests\test_tools.py:12: in <module>
    from pyshotter import mss
src\pyshotter\__init__.py:18: in <module>
    from .factory import pyshotter
src\pyshotter\factory.py:8: in <module>
    from pyshotter.base import MSSBase
src\pyshotter\base.py:12: in <module>
    from mss.exception import ScreenShotError
E   ModuleNotFoundError: No module named 'mss'
_________________ ERROR collecting src/tests/test_windows.py __________________
ImportError while importing test module 'C:\Users\abdou\Desktop\PyShotter\src\tests\test_windows.py'.
Hint: make sure your test modules/packages have valid Python names.
Traceback:
C:\Program Files\WindowsApps\PythonSoftwareFoundation.Python.3.13_3.13.2544.0_x64__qbz5n2kfra8p0\Lib\importlib\__init__.py:88: in import_module
    return _bootstrap._gcd_import(name[level:], package, level)
           ^^^^^^^^^^^^^^^^^^^^^^^^^^^^^^^^^^^^^^^^^^^^^^^^^^^^
src\tests\test_windows.py:11: in <module>
    import pyshotter
src\pyshotter\__init__.py:18: in <module>
    from .factory import pyshotter
src\pyshotter\factory.py:8: in <module>
    from pyshotter.base import MSSBase
src\pyshotter\base.py:12: in <module>
    from mss.exception import ScreenShotError
E   ModuleNotFoundError: No module named 'mss'
____________ ERROR collecting src/tests/third_party/test_numpy.py _____________
ImportError while importing test module 'C:\Users\abdou\Desktop\PyShotter\src\tests\third_party\test_numpy.py'.
Hint: make sure your test modules/packages have valid Python names.
Traceback:
C:\Program Files\WindowsApps\PythonSoftwareFoundation.Python.3.13_3.13.2544.0_x64__qbz5n2kfra8p0\Lib\importlib\__init__.py:88: in import_module
    return _bootstrap._gcd_import(name[level:], package, level)
           ^^^^^^^^^^^^^^^^^^^^^^^^^^^^^^^^^^^^^^^^^^^^^^^^^^^^
src\tests\third_party\test_numpy.py:10: in <module>
    from pyshotter import pyshotter
src\pyshotter\__init__.py:18: in <module>
    from .factory import pyshotter
src\pyshotter\factory.py:8: in <module>
    from pyshotter.base import MSSBase
src\pyshotter\base.py:12: in <module>
    from mss.exception import ScreenShotError
E   ModuleNotFoundError: No module named 'mss'
_____________ ERROR collecting src/tests/third_party/test_pil.py ______________
ImportError while importing test module 'C:\Users\abdou\Desktop\PyShotter\src\tests\third_party\test_pil.py'.
Hint: make sure your test modules/packages have valid Python names.
Traceback:
C:\Program Files\WindowsApps\PythonSoftwareFoundation.Python.3.13_3.13.2544.0_x64__qbz5n2kfra8p0\Lib\importlib\__init__.py:88: in import_module
    return _bootstrap._gcd_import(name[level:], package, level)
           ^^^^^^^^^^^^^^^^^^^^^^^^^^^^^^^^^^^^^^^^^^^^^^^^^^^^
src\tests\third_party\test_pil.py:11: in <module>
    from pyshotter import pyshotter
src\pyshotter\__init__.py:18: in <module>
    from .factory import pyshotter
src\pyshotter\factory.py:8: in <module>
    from pyshotter.base import MSSBase
src\pyshotter\base.py:12: in <module>
    from mss.exception import ScreenShotError
E   ModuleNotFoundError: No module named 'mss'
=========================== short test summary info ===========================
ERROR src/tests/integration/test_workflows.py
ERROR src/tests/test_ai_features.py
ERROR src/tests/test_beautifier.py
ERROR src/tests/test_bgra_to_rgb.py
ERROR src/tests/test_cls_image.py
ERROR src/tests/test_config.py
ERROR src/tests/test_find_monitors.py
ERROR src/tests/test_get_pixels.py
ERROR src/tests/test_gnu_linux.py
ERROR src/tests/test_implementation.py
ERROR src/tests/test_issue_220.py
ERROR src/tests/test_leaks.py
ERROR src/tests/test_macos.py
ERROR src/tests/test_recording.py
ERROR src/tests/test_save.py
ERROR src/tests/test_setup.py
ERROR src/tests/test_tools.py
ERROR src/tests/test_windows.py
ERROR src/tests/third_party/test_numpy.py
ERROR src/tests/third_party/test_pil.py
!!!!!!!!!!!!!!!!!! Interrupted: 20 errors during collection !!!!!!!!!!!!!!!!!!!
============================= 20 errors in 0.59s ==============================
